// Jest Snapshot v1, https://goo.gl/fbAQLP

exports[`deployments default invoke 1`] = `
[MockFunction] {
  "calls": Array [
    Array [
      "  ======= Deployments =======

  DeploymentId: deploymentId-1
  Application Name: appname-1
  Last Updated: lastUpdated-1
  URL: url-1
  

  DeploymentId: deploymentId-2
  Application Name: appname-2
  Last Updated: lastUpdated-2
  URL: url-2
  ",
    ],
  ],
  "results": Array [
    Object {
      "isThrow": false,
      "value": undefined,
    },
  ],
}
`;
